WARNING: While bind mounting '/share/home/2242211591/biped_demo:/workspace/biped_demo': destination is already in the mount point list
WARNING: While bind mounting '/share/home/2242211591/IsaacLab/source:/opt/isaaclab_source': destination is already in the mount point list
The '--headless' CLI argument is deprecated. Omit '--viz' for default headless. If config visualizers are enabled and you want to force headless, use '--viz none'.
2026-07-23T05:17:34Z [0ms] [Warning] [omni.ext.plugin] [ext: .ssh] Extensions config 'extension.toml' doesn't exist '/share/home/2242211591/.ssh' or '/share/home/2242211591/.ssh/config'
2026-07-23T05:17:34Z [0ms] [Warning] [omni.ext.plugin] [ext: biped-sandbox] Extensions config 'extension.toml' doesn't exist '/share/home/2242211591/biped-sandbox' or '/share/home/2242211591/biped-sandbox/config'
2026-07-23T05:17:34Z [0ms] [Warning] [omni.ext.plugin] [ext: logs] Extensions config 'extension.toml' doesn't exist '/share/home/2242211591/logs' or '/share/home/2242211591/logs/config'
2026-07-23T05:17:34Z [0ms] [Warning] [omni.ext.plugin] [ext: .nv] Extensions config 'extension.toml' doesn't exist '/share/home/2242211591/.nv' or '/share/home/2242211591/.nv/config'
2026-07-23T05:17:34Z [0ms] [Warning] [omni.ext.plugin] [ext: .local] Extensions config 'extension.toml' doesn't exist '/share/home/2242211591/.local' or '/share/home/2242211591/.local/config'
2026-07-23T05:17:34Z [0ms] [Warning] [omni.ext.plugin] [ext: isaac_assets] Extensions config 'extension.toml' doesn't exist '/share/home/2242211591/isaac_assets' or '/share/home/2242211591/isaac_assets/config'
2026-07-23T05:17:34Z [0ms] [Warning] [omni.ext.plugin] [ext: .nvidia-omniverse] Extensions config 'extension.toml' doesn't exist '/share/home/2242211591/.nvidia-omniverse' or '/share/home/2242211591/.nvidia-omniverse/config'
2026-07-23T05:17:34Z [0ms] [Warning] [omni.ext.plugin] [ext: IsaacLab] Extensions config 'extension.toml' doesn't exist '/share/home/2242211591/IsaacLab' or '/share/home/2242211591/IsaacLab/config'
2026-07-23T05:17:34Z [1ms] [Warning] [omni.ext.plugin] [ext: .pki] Extensions config 'extension.toml' doesn't exist '/share/home/2242211591/.pki' or '/share/home/2242211591/.pki/config'
2026-07-23T05:17:34Z [1ms] [Warning] [omni.ext.plugin] [ext: .cache] Extensions config 'extension.toml' doesn't exist '/share/home/2242211591/.cache' or '/share/home/2242211591/.cache/config'
2026-07-23T05:17:34Z [1ms] [Warning] [omni.ext.plugin] [ext: .config] Extensions config 'extension.toml' doesn't exist '/share/home/2242211591/.config' or '/share/home/2242211591/.config/config'
2026-07-23T05:17:34Z [3ms] [Warning] [omni.ext.plugin] [ext: .mozilla] Extensions config 'extension.toml' doesn't exist '/share/home/2242211591/.mozilla' or '/share/home/2242211591/.mozilla/config'
2026-07-23T05:17:34Z [3ms] [Warning] [omni.ext.plugin] [ext: .singularity] Extensions config 'extension.toml' doesn't exist '/share/home/2242211591/.singularity' or '/share/home/2242211591/.singularity/config'
2026-07-23T05:17:34Z [22ms] [Warning] [omni.ext.plugin] [ext: biped_demo] Extensions config 'extension.toml' doesn't exist '/share/home/2242211591/biped_demo' or '/share/home/2242211591/biped_demo/config'
2026-07-23T05:17:37Z [3,118ms] [Warning] [carb.omniclient.plugin]  49960: OmniHub: ThreadId(02) Hub encountered error. Trying to reconnect to Hub. retry_reason="Hub failed to launch: Io(\"child exited with exit status: 1 without writing file \\\"/tmp/hub-2242211591-16E354B4.config.json\\\"\")"
2026-07-23T05:17:37Z [3,190ms] [Warning] [carb.omniclient.plugin]  49960: OmniHub: ThreadId(02) Hub encountered error. Trying to reconnect to Hub. retry_reason="Hub failed to launch: Io(\"child exited with exit status: 1 without writing file \\\"/tmp/hub-2242211591-16E354B4.config.json\\\"\")"
2026-07-23T05:17:37Z [3,271ms] [Warning] [carb.omniclient.plugin]  49960: OmniHub: ThreadId(02) Hub encountered error. Trying to reconnect to Hub. retry_reason="Hub failed to launch: Io(\"child exited with exit status: 1 without writing file \\\"/tmp/hub-2242211591-16E354B4.config.json\\\"\")"
2026-07-23T05:17:37Z [3,363ms] [Warning] [carb.omniclient.plugin]  49960: OmniHub: ThreadId(02) Hub encountered error. Trying to reconnect to Hub. retry_reason="Hub failed to launch: Io(\"child exited with exit status: 1 without writing file \\\"/tmp/hub-2242211591-16E354B4.config.json\\\"\")"
2026-07-23T05:17:37Z [3,464ms] [Warning] [carb.omniclient.plugin]  49960: OmniHub: ThreadId(02) Hub encountered error. Trying to reconnect to Hub. retry_reason="Hub failed to launch: Io(\"child exited with exit status: 1 without writing file \\\"/tmp/hub-2242211591-16E354B4.config.json\\\"\")"
2026-07-23T05:17:37Z [3,576ms] [Warning] [carb.omniclient.plugin]  49960: OmniHub: ThreadId(02) Hub encountered error. Trying to reconnect to Hub. retry_reason="Hub failed to launch: Io(\"child exited with exit status: 1 without writing file \\\"/tmp/hub-2242211591-16E354B4.config.json\\\"\")"
2026-07-23T05:17:37Z [3,697ms] [Warning] [carb.omniclient.plugin]  49960: OmniHub: ThreadId(02) Hub encountered error. Trying to reconnect to Hub. retry_reason="Hub failed to launch: Io(\"child exited with exit status: 1 without writing file \\\"/tmp/hub-2242211591-16E354B4.config.json\\\"\")"
2026-07-23T05:17:37Z [3,829ms] [Warning] [carb.omniclient.plugin]  49960: OmniHub: ThreadId(02) Hub encountered error. Trying to reconnect to Hub. retry_reason="Hub failed to launch: Io(\"child exited with exit status: 1 without writing file \\\"/tmp/hub-2242211591-16E354B4.config.json\\\"\")"
2026-07-23T05:17:38Z [3,970ms] [Warning] [carb.omniclient.plugin]  49960: OmniHub: ThreadId(02) Hub encountered error. Trying to reconnect to Hub. retry_reason="Hub failed to launch: Io(\"child exited with exit status: 1 without writing file \\\"/tmp/hub-2242211591-16E354B4.config.json\\\"\")"
2026-07-23T05:17:38Z [4,122ms] [Warning] [carb.omniclient.plugin]  49960: OmniHub: ThreadId(02) Hub encountered error. Trying to reconnect to Hub. retry_reason="Hub failed to launch: Io(\"child exited with exit status: 1 without writing file \\\"/tmp/hub-2242211591-16E354B4.config.json\\\"\")"
2026-07-23T05:17:38Z [4,282ms] [Warning] [carb.omniclient.plugin]  49960: OmniHub: ThreadId(02) Hub encountered error. Trying to reconnect to Hub. retry_reason="Hub failed to launch: Io(\"child exited with exit status: 1 without writing file \\\"/tmp/hub-2242211591-16E354B4.config.json\\\"\")"
2026-07-23T05:17:38Z [4,454ms] [Warning] [carb.omniclient.plugin]  49960: OmniHub: ThreadId(02) Hub encountered error. Trying to reconnect to Hub. retry_reason="Hub failed to launch: Io(\"child exited with exit status: 1 without writing file \\\"/tmp/hub-2242211591-16E354B4.config.json\\\"\")"
2026-07-23T05:17:38Z [4,634ms] [Warning] [carb.omniclient.plugin]  49960: OmniHub: ThreadId(02) Hub encountered error. Trying to reconnect to Hub. retry_reason="Hub failed to launch: Io(\"child exited with exit status: 1 without writing file \\\"/tmp/hub-2242211591-16E354B4.config.json\\\"\")"
2026-07-23T05:17:38Z [4,826ms] [Warning] [carb.omniclient.plugin]  49960: OmniHub: ThreadId(02) Hub encountered error. Trying to reconnect to Hub. retry_reason="Hub failed to launch: Io(\"child exited with exit status: 1 without writing file \\\"/tmp/hub-2242211591-16E354B4.config.json\\\"\")"
2026-07-23T05:17:39Z [5,028ms] [Warning] [carb.omniclient.plugin]  49960: OmniHub: ThreadId(02) Hub encountered error. Trying to reconnect to Hub. retry_reason="Hub failed to launch: Io(\"child exited with exit status: 1 without writing file \\\"/tmp/hub-2242211591-16E354B4.config.json\\\"\")"
2026-07-23T05:17:39Z [5,239ms] [Warning] [carb.omniclient.plugin]  49960: OmniHub: ThreadId(02) Hub encountered error. Trying to reconnect to Hub. retry_reason="Hub failed to launch: Io(\"child exited with exit status: 1 without writing file \\\"/tmp/hub-2242211591-16E354B4.config.json\\\"\")"
2026-07-23T05:17:39Z [5,461ms] [Warning] [carb.omniclient.plugin]  49960: OmniHub: ThreadId(02) Hub encountered error. Trying to reconnect to Hub. retry_reason="Hub failed to launch: Io(\"child exited with exit status: 1 without writing file \\\"/tmp/hub-2242211591-16E354B4.config.json\\\"\")"
2026-07-23T05:17:39Z [5,692ms] [Warning] [carb.omniclient.plugin]  49960: OmniHub: ThreadId(02) Hub encountered error. Trying to reconnect to Hub. retry_reason="Hub failed to launch: Io(\"child exited with exit status: 1 without writing file \\\"/tmp/hub-2242211591-16E354B4.config.json\\\"\")"
2026-07-23T05:17:40Z [5,934ms] [Warning] [carb.omniclient.plugin]  49960: OmniHub: ThreadId(02) Hub encountered error. Trying to reconnect to Hub. retry_reason="Hub failed to launch: Io(\"child exited with exit status: 1 without writing file \\\"/tmp/hub-2242211591-16E354B4.config.json\\\"\")"
WARNING: All log messages before absl::InitializeLog() is called are written to STDERR
E0000 00:00:1784783867.531203   49871 descriptor_database.cc:633] File already exists in database: grpc/health/v1/health.proto
W0000 00:00:1784783867.531239   49871 message.cc:301] Protobuf GeneratedMessageFactory: File is already registered: grpc/health/v1/health.proto
2026-07-23T05:17:40Z [6,185ms] [Warning] [carb.omniclient.plugin]  49960: OmniHub: ThreadId(02) Hub encountered error. Trying to reconnect to Hub. retry_reason="Hub failed to launch: Io(\"child exited with exit status: 1 without writing file \\\"/tmp/hub-2242211591-16E354B4.config.json\\\"\")"
2026-07-23T05:17:40Z [6,447ms] [Warning] [carb.omniclient.plugin]  49960: OmniHub: ThreadId(02) Hub encountered error. Trying to reconnect to Hub. retry_reason="Hub failed to launch: Io(\"child exited with exit status: 1 without writing file \\\"/tmp/hub-2242211591-16E354B4.config.json\\\"\")"
2026-07-23T05:17:40Z [6,719ms] [Warning] [carb.omniclient.plugin]  49960: OmniHub: ThreadId(02) Hub encountered error. Trying to reconnect to Hub. retry_reason="Hub failed to launch: Io(\"child exited with exit status: 1 without writing file \\\"/tmp/hub-2242211591-16E354B4.config.json\\\"\")"
2026-07-23T05:17:41Z [6,999ms] [Warning] [carb.omniclient.plugin]  49960: OmniHub: ThreadId(02) Hub encountered error. Trying to reconnect to Hub. retry_reason="Hub failed to launch: Io(\"child exited with exit status: 1 without writing file \\\"/tmp/hub-2242211591-16E354B4.config.json\\\"\")"
2026-07-23T05:17:41Z [7,291ms] [Warning] [carb.omniclient.plugin]  49960: OmniHub: ThreadId(02) Hub encountered error. Trying to reconnect to Hub. retry_reason="Hub failed to launch: Io(\"child exited with exit status: 1 without writing file \\\"/tmp/hub-2242211591-16E354B4.config.json\\\"\")"
2026-07-23T05:17:41Z [7,593ms] [Warning] [carb.omniclient.plugin]  49960: OmniHub: ThreadId(02) Hub encountered error. Trying to reconnect to Hub. retry_reason="Hub failed to launch: Io(\"child exited with exit status: 1 without writing file \\\"/tmp/hub-2242211591-16E354B4.config.json\\\"\")"
2026-07-23T05:17:42Z [7,903ms] [Warning] [carb.omniclient.plugin]  49960: OmniHub: ThreadId(02) Hub encountered error. Trying to reconnect to Hub. retry_reason="Hub failed to launch: Io(\"child exited with exit status: 1 without writing file \\\"/tmp/hub-2242211591-16E354B4.config.json\\\"\")"
2026-07-23T05:17:42Z [8,225ms] [Warning] [carb.omniclient.plugin]  49960: OmniHub: ThreadId(02) Hub encountered error. Trying to reconnect to Hub. retry_reason="Hub failed to launch: Io(\"child exited with exit status: 1 without writing file \\\"/tmp/hub-2242211591-16E354B4.config.json\\\"\")"
2026-07-23T05:17:42Z [8,557ms] [Warning] [carb.omniclient.plugin]  49960: OmniHub: ThreadId(02) Hub encountered error. Trying to reconnect to Hub. retry_reason="Hub failed to launch: Io(\"child exited with exit status: 1 without writing file \\\"/tmp/hub-2242211591-16E354B4.config.json\\\"\")"
2026-07-23T05:17:43Z [8,898ms] [Warning] [carb.omniclient.plugin]  49960: OmniHub: ThreadId(02) Hub encountered error. Trying to reconnect to Hub. retry_reason="Hub failed to launch: Io(\"child exited with exit status: 1 without writing file \\\"/tmp/hub-2242211591-16E354B4.config.json\\\"\")"
2026-07-23T05:17:43Z [9,249ms] [Warning] [carb.omniclient.plugin]  49960: OmniHub: ThreadId(02) Hub encountered error. Trying to reconnect to Hub. retry_reason="Hub failed to launch: Io(\"child exited with exit status: 1 without writing file \\\"/tmp/hub-2242211591-16E354B4.config.json\\\"\")"
2026-07-23T05:17:43Z [9,611ms] [Warning] [carb.omniclient.plugin]  49960: OmniHub: ThreadId(02) Hub encountered error. Trying to reconnect to Hub. retry_reason="Hub failed to launch: Io(\"child exited with exit status: 1 without writing file \\\"/tmp/hub-2242211591-16E354B4.config.json\\\"\")"
2026-07-23T05:17:44Z [9,982ms] [Warning] [carb.omniclient.plugin]  49960: OmniHub: ThreadId(02) Hub encountered error. Trying to reconnect to Hub. retry_reason="Hub failed to launch: Io(\"child exited with exit status: 1 without writing file \\\"/tmp/hub-2242211591-16E354B4.config.json\\\"\")"
2026-07-23T05:17:44Z [10,362ms] [Warning] [carb.omniclient.plugin]  49960: OmniHub: ThreadId(02) Hub encountered error. Trying to reconnect to Hub. retry_reason="Hub failed to launch: Io(\"child exited with exit status: 1 without writing file \\\"/tmp/hub-2242211591-16E354B4.config.json\\\"\")"
2026-07-23T05:17:44Z [10,754ms] [Warning] [carb.omniclient.plugin]  49960: OmniHub: ThreadId(02) Hub encountered error. Trying to reconnect to Hub. retry_reason="Hub failed to launch: Io(\"child exited with exit status: 1 without writing file \\\"/tmp/hub-2242211591-16E354B4.config.json\\\"\")"
2026-07-23T05:17:45Z [11,156ms] [Warning] [carb.omniclient.plugin]  49960: OmniHub: ThreadId(02) Hub encountered error. Trying to reconnect to Hub. retry_reason="Hub failed to launch: Io(\"child exited with exit status: 1 without writing file \\\"/tmp/hub-2242211591-16E354B4.config.json\\\"\")"
2026-07-23T05:17:45Z [11,568ms] [Warning] [carb.omniclient.plugin]  49960: OmniHub: ThreadId(02) Hub encountered error. Trying to reconnect to Hub. retry_reason="Hub failed to launch: Io(\"child exited with exit status: 1 without writing file \\\"/tmp/hub-2242211591-16E354B4.config.json\\\"\")"
2026-07-23T05:17:46Z [11,990ms] [Warning] [carb.omniclient.plugin]  49960: OmniHub: ThreadId(02) Hub encountered error. Trying to reconnect to Hub. retry_reason="Hub failed to launch: Io(\"child exited with exit status: 1 without writing file \\\"/tmp/hub-2242211591-16E354B4.config.json\\\"\")"
2026-07-23T05:17:46Z [12,421ms] [Warning] [carb.omniclient.plugin]  49960: OmniHub: ThreadId(02) Hub encountered error. Trying to reconnect to Hub. retry_reason="Hub failed to launch: Io(\"child exited with exit status: 1 without writing file \\\"/tmp/hub-2242211591-16E354B4.config.json\\\"\")"
2026-07-23T05:17:46Z [12,861ms] [Warning] [carb.omniclient.plugin]  49960: OmniHub: ThreadId(02) Hub encountered error. Trying to reconnect to Hub. retry_reason="Hub failed to launch: Io(\"child exited with exit status: 1 without writing file \\\"/tmp/hub-2242211591-16E354B4.config.json\\\"\")"
2026-07-23T05:17:47Z [13,450ms] [Error] [omni.datastore] Failed to acquire exclusive lock to data store (256>=256)
2026-07-23T05:17:47Z [13,450ms] [Error] [omni.datastore] Failed to create local file data store at '/isaac-sim/kit/cache/DerivedDataCache'
2026-07-23T05:17:47Z [13,870ms] [Warning] [omni.perfmonitor.plugin]  PerfMonitorManager::onStart - error calling pthread_setaffinity_np
2026-07-23T05:17:48Z [0ms] [Warning] [carb.crashreporter-breakpad.plugin] [crash] A crash has occurred.  If a debugger should be attached, please set the '/crashreporter/debuggerAttachTimeoutMs' setting to a timeout in milliseconds.  This can be used to allow the crash reporter to wait for up to that long for a debugger to attach before processing or sending the crash report.
2026-07-23T05:17:48Z [8ms] [Error] [carb.crashreporter-breakpad.plugin] [crash] failed to write .dmp to: '/isaac-sim/kit/data/Kit/IsaacLab/3.0/a5124bc4-39c0-4953-55a09091-c8fd6aba.dmp'
2026-07-23T05:17:48Z [8ms] [Error] [carb.crashreporter-breakpad.plugin] [crash] failed to write stack trace to: '/isaac-sim/kit/data/Kit/IsaacLab/3.0/crash_2026-07-23_13-17-48_49871.txt'
2026-07-23T05:17:48Z [8ms] [Fatal] [carb.crashreporter-breakpad.plugin] [crash] Crash detected in pid 49871 thread 49914
2026-07-23T05:17:48Z [8ms] [Warning] [carb.crashreporter-breakpad.plugin] [crash] Crash metadata:
2026-07-23T05:17:48Z [8ms] [Warning] [carb.crashreporter-breakpad.plugin] [crash]  BuildGitlabJobID = '309921131'
2026-07-23T05:17:48Z [8ms] [Warning] [carb.crashreporter-breakpad.plugin] [crash]  CarbSdkVersion = '210.1.5+release.12978.b22b555f.gl'
2026-07-23T05:17:48Z [8ms] [Warning] [carb.crashreporter-breakpad.plugin] [crash]  CrashTime = ''
2026-07-23T05:17:48Z [8ms] [Warning] [carb.crashreporter-breakpad.plugin] [crash]  DumpId = 'a5124bc4-39c0-4953-55a09091-c8fd6aba'
2026-07-23T05:17:48Z [8ms] [Warning] [carb.crashreporter-breakpad.plugin] [crash]  GlibcVersion = '2.39'
2026-07-23T05:17:48Z [8ms] [Warning] [carb.crashreporter-breakpad.plugin] [crash]  LastUploadStatus = ''
2026-07-23T05:17:48Z [8ms] [Warning] [carb.crashreporter-breakpad.plugin] [crash]  ProductName = 'OmniverseKit'
2026-07-23T05:17:48Z [8ms] [Warning] [carb.crashreporter-breakpad.plugin] [crash]  PythonTracebackStatus = ''
2026-07-23T05:17:48Z [8ms] [Warning] [carb.crashreporter-breakpad.plugin] [crash]  RetryCount = '0'
2026-07-23T05:17:48Z [8ms] [Warning] [carb.crashreporter-breakpad.plugin] [crash]  StartupTime = '1784783854'
2026-07-23T05:17:48Z [8ms] [Warning] [carb.crashreporter-breakpad.plugin] [crash]  UploadSuccessful = '0'
2026-07-23T05:17:48Z [8ms] [Warning] [carb.crashreporter-breakpad.plugin] [crash]  UptimeSeconds = ''
2026-07-23T05:17:48Z [8ms] [Warning] [carb.crashreporter-breakpad.plugin] [crash]  UserEmail = ''
2026-07-23T05:17:48Z [8ms] [Warning] [carb.crashreporter-breakpad.plugin] [crash]  UserStory = ''
2026-07-23T05:17:48Z [8ms] [Warning] [carb.crashreporter-breakpad.plugin] [crash]  UserStoryStatus = ''
2026-07-23T05:17:48Z [8ms] [Warning] [carb.crashreporter-breakpad.plugin] [crash]  Version = '110.1.1+production.305458.6312fa25.gl'
2026-07-23T05:17:48Z [8ms] [Warning] [carb.crashreporter-breakpad.plugin] [crash]  appName = 'IsaacLab'
2026-07-23T05:17:48Z [8ms] [Warning] [carb.crashreporter-breakpad.plugin] [crash]  appState = 'startup'
2026-07-23T05:17:48Z [8ms] [Warning] [carb.crashreporter-breakpad.plugin] [crash]  appVersion = '3.0.0'
2026-07-23T05:17:48Z [8ms] [Warning] [carb.crashreporter-breakpad.plugin] [crash]  autoloadExts = ''
2026-07-23T05:17:48Z [8ms] [Warning] [carb.crashreporter-breakpad.plugin] [crash]  buildBranch = 'production'
2026-07-23T05:17:48Z [8ms] [Warning] [carb.crashreporter-breakpad.plugin] [crash]  buildCi = 'gl'
2026-07-23T05:17:48Z [8ms] [Warning] [carb.crashreporter-breakpad.plugin] [crash]  buildConfig = 'release'
2026-07-23T05:17:48Z [8ms] [Warning] [carb.crashreporter-breakpad.plugin] [crash]  buildGitlabJobName = 'kit-build-release-linux-x86_64'
2026-07-23T05:17:48Z [8ms] [Warning] [carb.crashreporter-breakpad.plugin] [crash]  buildGitlabJobStage = 'kit-build'
2026-07-23T05:17:48Z [8ms] [Warning] [carb.crashreporter-breakpad.plugin] [crash]  buildGitlabPipelineID = '50093810'
2026-07-23T05:17:48Z [8ms] [Warning] [carb.crashreporter-breakpad.plugin] [crash]  buildHash = '6312fa25'
2026-07-23T05:17:48Z [8ms] [Warning] [carb.crashreporter-breakpad.plugin] [crash]  buildMajor = '110'
2026-07-23T05:17:48Z [8ms] [Warning] [carb.crashreporter-breakpad.plugin] [crash]  buildMinor = '1'
2026-07-23T05:17:48Z [8ms] [Warning] [carb.crashreporter-breakpad.plugin] [crash]  buildNumber = '305458'
2026-07-23T05:17:48Z [8ms] [Warning] [carb.crashreporter-breakpad.plugin] [crash]  buildPatch = '1'
2026-07-23T05:17:48Z [8ms] [Warning] [carb.crashreporter-breakpad.plugin] [crash]  buildVersion = '110.1.1'
2026-07-23T05:17:48Z [8ms] [Warning] [carb.crashreporter-breakpad.plugin] [crash]  commandLine = '/isaac-sim/kit/python/bin/python3 /workspace/biped_demo/scripts/rsl_rl/train.py --task Biped-velocity-v0 --num_envs 4096 --max_iterations 5000 --headless'
2026-07-23T05:17:48Z [8ms] [Warning] [carb.crashreporter-breakpad.plugin] [crash]  environmentName = 'Individual'
2026-07-23T05:17:48Z [8ms] [Warning] [carb.crashreporter-breakpad.plugin] [crash]  experience = 'Isaac Sim'
2026-07-23T05:17:48Z [8ms] [Warning] [carb.crashreporter-breakpad.plugin] [crash]  externalBuild = '1'
2026-07-23T05:17:48Z [8ms] [Warning] [carb.crashreporter-breakpad.plugin] [crash]  graphicsApi = 'vulkan'
2026-07-23T05:17:48Z [8ms] [Warning] [carb.crashreporter-breakpad.plugin] [crash]  memoryStats = ''
2026-07-23T05:17:48Z [8ms] [Warning] [carb.crashreporter-breakpad.plugin] [crash]  portableMode = '1'
2026-07-23T05:17:48Z [8ms] [Warning] [carb.crashreporter-breakpad.plugin] [crash]  runEnvironment = 'Individual'
2026-07-23T05:17:48Z [8ms] [Warning] [carb.crashreporter-breakpad.plugin] [crash]  runningInContainer = '1'
2026-07-23T05:17:48Z [8ms] [Warning] [carb.crashreporter-breakpad.plugin] [crash]  telemetrySessionId = ''
2026-07-23T05:17:48Z [8ms] [Warning] [carb.crashreporter-breakpad.plugin] [crash]  terminatedByAbort = '0'
2026-07-23T05:17:48Z [8ms] [Warning] [carb.crashreporter-breakpad.plugin] [crash]  userId = 'default'
2026-07-23T05:17:48Z [8ms] [Warning] [carb.crashreporter-breakpad.plugin] [crash]  workingDirectory = ''
2026-07-23T05:17:48Z [8ms] [Fatal] [carb.crashreporter-breakpad.plugin] [crash] Thread 49914 backtrace follows:
2026-07-23T05:17:48Z [241ms] [Fatal] [carb.crashreporter-breakpad.plugin] 000: libc.so.6!__sigaction+0x50 ***
2026-07-23T05:17:48Z [254ms] [Fatal] [carb.crashreporter-breakpad.plugin] 001: libc.so.6!getenv+0x56 ***
2026-07-23T05:17:48Z [262ms] [Fatal] [carb.crashreporter-breakpad.plugin] 002: libX11.so.6!XOpenDisplay+0x6a ***
2026-07-23T05:17:48Z [271ms] [Fatal] [carb.crashreporter-breakpad.plugin] 003: libomni.platforminfo.plugin.so!std::mersenne_twister_engine<unsigned long, 64ul, 312ul, 156ul, 31ul, 13043109905998158313ul, 29ul, 6148914691236517205ul, 17ul, 8202884508482404352ul, 37ul, 18444473444759240704ul, 43ul, 6364136223846793005ul>::operator()()+0x237e ***
2026-07-23T05:17:48Z [280ms] [Fatal] [carb.crashreporter-breakpad.plugin] 004: libomni.platforminfo.plugin.so!std::mersenne_twister_engine<unsigned long, 64ul, 312ul, 156ul, 31ul, 13043109905998158313ul, 29ul, 6148914691236517205ul, 17ul, 8202884508482404352ul, 37ul, 18444473444759240704ul, 43ul, 6364136223846793005ul>::operator()()+0x2a89 ***
2026-07-23T05:17:48Z [289ms] [Fatal] [carb.crashreporter-breakpad.plugin] 005: libomni.platforminfo.plugin.so!std::mersenne_twister_engine<unsigned long, 64ul, 312ul, 156ul, 31ul, 13043109905998158313ul, 29ul, 6148914691236517205ul, 17ul, 8202884508482404352ul, 37ul, 18444473444759240704ul, 43ul, 6364136223846793005ul>::operator()()+0x3386 ***
2026-07-23T05:17:48Z [298ms] [Fatal] [carb.crashreporter-breakpad.plugin] 006: libomni.platforminfo.plugin.so!std::mersenne_twister_engine<unsigned long, 64ul, 312ul, 156ul, 31ul, 13043109905998158313ul, 29ul, 6148914691236517205ul, 17ul, 8202884508482404352ul, 37ul, 18444473444759240704ul, 43ul, 6364136223846793005ul>::operator()()+0x36c5 ***
2026-07-23T05:17:48Z [308ms] [Fatal] [carb.crashreporter-breakpad.plugin] 007: libomni.platforminfo.plugin.so!std::map<std::__cxx11::basic_string<char, std::char_traits<char>, std::allocator<char> >, std::__cxx11::basic_string<char, std::char_traits<char>, std::allocator<char> >, std::less<std::__cxx11::basic_string<char, std::char_traits<char>, std::allocator<char> > >, std::allocator<std::pair<std::__cxx11::basic_string<char, std::char_traits<char>, std::allocator<char> > const, std::__cxx11::basic_string<char, std::char_traits<char>, std::allocator<char> > > > >::operator[](std::__cxx11::basic_string<char, std::char_traits<char>, std::allocator<char> >&&)+0x46ad ***
2026-07-23T05:17:48Z [320ms] [Fatal] [carb.crashreporter-breakpad.plugin] 008: libcarb.so!omniCoreStart+0x526e1 ***
2026-07-23T05:17:48Z [332ms] [Fatal] [carb.crashreporter-breakpad.plugin] 009: libcarb.so!omniCoreStart+0x5a95a ***
2026-07-23T05:17:48Z [339ms] [Fatal] [carb.crashreporter-breakpad.plugin] 010: libomni.kit.telemetry.plugin.so!std::__detail::_Compiler<std::__cxx11::regex_traits<char> >::_M_assertion()+0x45a5 ***
2026-07-23T05:17:48Z [345ms] [Fatal] [carb.crashreporter-breakpad.plugin] 011: libomni.kit.telemetry.plugin.so!std::bad_optional_access::~bad_optional_access()+0x1573 ***
2026-07-23T05:17:48Z [353ms] [Fatal] [carb.crashreporter-breakpad.plugin] 012: libcarb.tasking.plugin.so!std::__cxx11::basic_string<char, std::char_traits<char>, std::allocator<char> >::_M_mutate(unsigned long, unsigned long, char const*, unsigned long)+0x6ed7 ***
2026-07-23T05:17:48Z [362ms] [Fatal] [carb.crashreporter-breakpad.plugin] 013: libcarb.tasking.plugin.so!void std::vector<int, std::allocator<int> >::_M_realloc_insert<int const&>(__gnu_cxx::__normal_iterator<int*, std::vector<int, std::allocator<int> > >, int const&)+0x1072c ***
2026-07-23T05:17:48Z [371ms] [Fatal] [carb.crashreporter-breakpad.plugin] 014: libcarb.tasking.plugin.so!void std::vector<int, std::allocator<int> >::_M_realloc_insert<int const&>(__gnu_cxx::__normal_iterator<int*, std::vector<int, std::allocator<int> > >, int const&)+0x1074f ***
2026-07-23T05:17:48Z [380ms] [Fatal] [carb.crashreporter-breakpad.plugin] 015: libcarb.tasking.plugin.so!make_fcontext+0x39 ***
2026-07-23T05:17:48Z [380ms] [Fatal] [carb.crashreporter-breakpad.plugin] [crash] NOTE: *** indicates a low-confidence frame, such as when symbols cannot be found
2026-07-23T05:17:48Z [380ms] [Fatal] [carb.crashreporter-breakpad.plugin] [crash] Warning: Breakpad failed to save crash minidump. This can be caused by a failure in the child process cloned to debug this process, or a failure to attach to this process (i.e. already being debugged).
/isaac-sim/python.sh: line 72: 49871 Segmentation fault      $python_exe "${filtered_args[@]}" $args
There was an error running python
